{"ok":true,"result":[]}
{"ok":true,"result":[]}
{"ok":true,"result":[]}
{"ok":true,"result":[]}
{"ok":true,"result":[]}
{"ok":true,"result":[]}
{"ok":true,"result":[]}
{"ok":true,"result":[]}
{"ok":true,"result":[]}
{"ok":true,"result":[]}
{"ok":true,"result":[]}
{"ok":true,"result":[]}
{"ok":true,"result":[]}
{"ok":true,"result":[]}
{"ok":true,"result":[]}
{"ok":true,"result":[]}
{"ok":true,"result":[]}
{"ok":true,"result":[]}
{"ok":true,"result":[]}
{"ok":true,"result":[]}
{"ok":true,"result":[]}
{"ok":true,"result":[]}
{"ok":true,"result":[]}
{"ok":true,"result":[]}
{"ok":true,"result":[]}
{"ok":true,"result":[]}
{"ok":true,"result":[]}
{"ok":true,"result":[]}
{"ok":true,"result":[]}
{"ok":true,"result":[]}
{"ok":true,"result":[]}
{"ok":true,"result":[]}
{"ok":true,"result":[]}
{"ok":true,"result":[]}
{"ok":true,"result":[]}
{"ok":true,"result":[]}
{"ok":true,"result":[]}
{"ok":true,"result":[]}
{"ok":true,"result":[]}
{"ok":true,"result":[]}
{"ok":true,"result":[]}
{"ok":true,"result":[]}
{"ok":true,"result":[]}
{"ok":true,"result":[]}
{"ok":true,"result":[]}
{"ok":true,"result":[]}
{"ok":true,"result":[]}
{"ok":true,"result":[]}
{"ok":true,"result":[]}
{"ok":true,"result":[]}
{"ok":true,"result":[]}
{"ok":true,"result":[]}
{"ok":true,"result":[]}
{"ok":true,"result":[]}
{"ok":true,"result":[]}
{"ok":true,"result":[]}
{"ok":true,"result":[]}
{"ok":true,"result":[]}
{"ok":true,"result":[]}
{"ok":true,"result":[]}
{"ok":true,"result":[]}
{"ok":true,"result":[]}
{"ok":true,"result":[]}
{"ok":true,"result":[]}
{"ok":true,"result":[]}
{"ok":true,"result":[]}
{"ok":true,"result":[]}
{"ok":true,"result":[]}
{"ok":true,"result":[]}
{"ok":true,"result":[]}
{"ok":true,"result":[]}
{"ok":true,"result":[]}
{"ok":true,"result":[]}
{"ok":true,"result":[]}
{"ok":true,"result":[]}
{"ok":true,"result":[]}
{"ok":true,"result":[]}
{"ok":true,"result":[]}
{"ok":true,"result":[]}
{"ok":true,"result":[]}
{"ok":true,"result":[]}
{"ok":true,"result":[]}
{"ok":true,"result":[]}
{"ok":true,"result":[]}
{"ok":true,"result":[]}
{"ok":true,"result":[]}
{"ok":true,"result":[]}
{"ok":true,"result":[]}
{"ok":true,"result":[]}
{"ok":true,"result":[]}
{"ok":true,"result":[]}
{"ok":true,"result":[]}
{"ok":true,"result":[]}
{"ok":true,"result":[]}
{"ok":true,"result":[]}
{"ok":true,"result":[]}
{"ok":true,"result":[]}
{"ok":true,"result":[]}
{"ok":true,"result":[]}
{"ok":true,"result":[]}
{"ok":true,"result":[]}
{"ok":true,"result":[]}
{"ok":true,"result":[]}
{"ok":true,"result":[]}
{"ok":true,"result":[]}
{"ok":true,"result":[]}
{"ok":true,"result":[]}
{"ok":true,"result":[]}
{"ok":true,"result":[]}
{"ok":true,"result":[]}
{"ok":true,"result":[]}
{"ok":true,"result":[]}
{"ok":true,"result":[]}
{"ok":true,"result":[]}
{"ok":true,"result":[]}
{"ok":true,"result":[]}
{"ok":true,"result":[]}
{"ok":true,"result":[]}
{"ok":true,"result":[]}
{"ok":true,"result":[]}
{"ok":true,"result":[{"update_id":868704686,"message":{"message_id":4,"from":{"id":2013742750,"is_bot":false,"first_name":"Valle","last_name":"R","language_code":"pt-br"},"chat":{"id":2013742750,"first_name":"Valle","last_name":"R","type":"private"},"date":1783323035,"text":"\/start 3c192b93-3b69-4f2b-a25f-c59b1fd7e126","entities":[{"offset":0,"length":6,"type":"bot_command"}]}}]}
{"ok":true,"result":[{"update_id":868704687,"message":{"message_id":6,"from":{"id":2013742750,"is_bot":false,"first_name":"Valle","last_name":"R","language_code":"pt-br"},"chat":{"id":2013742750,"first_name":"Valle","last_name":"R","type":"private"},"date":1783323039,"text":"\/start 3c192b93-3b69-4f2b-a25f-c59b1fd7e126","entities":[{"offset":0,"length":6,"type":"bot_command"}]}}]}
{"ok":true,"result":[]}
{"ok":true,"result":[]}
{"ok":true,"result":[]}
{"ok":true,"result":[{"update_id":868704688,"message":{"message_id":8,"from":{"id":2013742750,"is_bot":false,"first_name":"Valle","last_name":"R","language_code":"pt-br"},"chat":{"id":2013742750,"first_name":"Valle","last_name":"R","type":"private"},"date":1783323059,"reply_to_message":{"message_id":7,"from":{"id":8807774665,"is_bot":true,"first_name":"apollo.rio.br","username":"apolloRio_bot"},"chat":{"id":2013742750,"first_name":"Valle","last_name":"R","type":"private"},"date":1783323043,"text":"\ud83d\udc4b Ol\u00e1! Bem-vindo ao Apollo Rio.\n\nSolicita\u00e7\u00e3o de verifica\u00e7\u00e3o reconhecida.\n\nPara confirmar seu telefone de forma segura, use o bot\u00e3o abaixo e compartilhe seu contato real.","entities":[{"offset":3,"length":29,"type":"bold"}]},"contact":{"phone_number":"+5521979554496","first_name":"Valle","last_name":"R","user_id":2013742750}}}]}
{"ok":true,"result":[]}
{"ok":true,"result":[]}
{"ok":true,"result":[]}
{"ok":true,"result":[]}
{"ok":true,"result":[]}
{"ok":true,"result":[]}
{"ok":true,"result":[]}
{"ok":true,"result":[]}
{"ok":true,"result":[]}
{"ok":true,"result":[]}
{"ok":true,"result":[]}
{"ok":true,"result":[]}
{"ok":true,"result":[]}
{"ok":true,"result":[{"update_id":868704689,"message":{"message_id":10,"from":{"id":2013742750,"is_bot":false,"first_name":"Valle","last_name":"R","language_code":"pt-br"},"chat":{"id":2013742750,"first_name":"Valle","last_name":"R","type":"private"},"date":1783323163,"text":"Quais festas esse fds"}}]}
{"ok":true,"result":[]}
{"ok":true,"result":[]}
{"ok":true,"result":[]}
{"ok":true,"result":[]}
{"ok":true,"result":[]}
{"ok":true,"result":[]}
{"ok":true,"result":[]}
{"ok":true,"result":[]}
{"ok":true,"result":[]}
{"ok":true,"result":[]}
{"ok":true,"result":[]}
{"ok":true,"result":[]}
{"ok":true,"result":[]}
{"ok":true,"result":[]}
{"ok":true,"result":[]}
{"ok":true,"result":[]}
{"ok":true,"result":[{"update_id":868704690,"message":{"message_id":12,"from":{"id":2013742750,"is_bot":false,"first_name":"Valle","last_name":"R","language_code":"pt-br"},"chat":{"id":2013742750,"first_name":"Valle","last_name":"R","type":"private"},"date":1783925013,"text":"\/start 9190c07c-58a6-4403-ae02-98e226640df2","entities":[{"offset":0,"length":6,"type":"bot_command"}]}}]}
{"ok":true,"result":[{"update_id":868704691,"message":{"message_id":14,"from":{"id":8550305380,"is_bot":false,"first_name":"apollo::rio","language_code":"pt-br"},"chat":{"id":8550305380,"first_name":"apollo::rio","type":"private"},"date":1783925081,"text":"\/start 9190c07c-58a6-4403-ae02-98e226640df2","entities":[{"offset":0,"length":6,"type":"bot_command"}]}}]}
{"ok":true,"result":[]}
{"ok":true,"result":[{"update_id":868704692,"message":{"message_id":16,"from":{"id":8550305380,"is_bot":false,"first_name":"apollo::rio","language_code":"pt-br"},"chat":{"id":8550305380,"first_name":"apollo::rio","type":"private"},"date":1783925104,"text":"\/start 9190c07c-58a6-4403-ae02-98e226640df2","entities":[{"offset":0,"length":6,"type":"bot_command"}]}},{"update_id":868704693,"message":{"message_id":17,"from":{"id":8550305380,"is_bot":false,"first_name":"apollo::rio","language_code":"pt-br"},"chat":{"id":8550305380,"first_name":"apollo::rio","type":"private"},"date":1783925108,"reply_to_message":{"message_id":15,"from":{"id":8807774665,"is_bot":true,"first_name":"apollo.rio.br","username":"apolloRio_bot"},"chat":{"id":8550305380,"first_name":"apollo::rio","type":"private"},"date":1783925098,"text":"\ud83d\udc4b Ol\u00e1! Bem-vindo ao Apollo Rio.\n\nSolicita\u00e7\u00e3o de verifica\u00e7\u00e3o reconhecida.\n\nPara confirmar seu telefone de forma segura, use o bot\u00e3o abaixo e compartilhe seu contato real.","entities":[{"offset":3,"length":29,"type":"bold"}]},"contact":{"phone_number":"5521933008447","first_name":"apollo::rio","user_id":8550305380}}},{"update_id":868704694,"message":{"message_id":18,"from":{"id":8550305380,"is_bot":false,"first_name":"apollo::rio","language_code":"pt-br"},"chat":{"id":8550305380,"first_name":"apollo::rio","type":"private"},"date":1783925159,"forward_origin":{"type":"user","sender_user":{"id":8550305380,"is_bot":false,"first_name":"apollo::rio","language_code":"pt-br"},"date":1783925108},"forward_from":{"id":8550305380,"is_bot":false,"first_name":"apollo::rio","language_code":"pt-br"},"forward_date":1783925108,"contact":{"phone_number":"5521933008447","first_name":"apollo::rio","user_id":8550305380}}}]}
{"ok":true,"result":[{"update_id":868704695,"message":{"message_id":22,"from":{"id":8550305380,"is_bot":false,"first_name":"apollo::rio","language_code":"pt-br"},"chat":{"id":8550305380,"first_name":"apollo::rio","type":"private"},"date":1783925173,"text":"\/start 9190c07c-58a6-4403-ae02-98e226640df2","entities":[{"offset":0,"length":6,"type":"bot_command"}]}}]}
{"ok":true,"result":[{"update_id":868704696,"message":{"message_id":24,"from":{"id":8550305380,"is_bot":false,"first_name":"apollo::rio","language_code":"pt-br"},"chat":{"id":8550305380,"first_name":"apollo::rio","type":"private"},"date":1783925179,"reply_to_message":{"message_id":23,"from":{"id":8807774665,"is_bot":true,"first_name":"apollo.rio.br","username":"apolloRio_bot"},"chat":{"id":8550305380,"first_name":"apollo::rio","type":"private"},"date":1783925175,"text":"\ud83d\udc4b Ol\u00e1! Bem-vindo ao Apollo Rio.\n\nSolicita\u00e7\u00e3o de verifica\u00e7\u00e3o reconhecida.\n\nPara confirmar seu telefone de forma segura, use o bot\u00e3o abaixo e compartilhe seu contato real.","entities":[{"offset":3,"length":29,"type":"bold"}]},"contact":{"phone_number":"5521933008447","first_name":"apollo::rio","user_id":8550305380}}}]}
{"ok":true,"result":[]}
{"ok":true,"result":[]}
{"ok":true,"result":[]}
{"ok":true,"result":[]}
{"ok":true,"result":[{"update_id":868704697,"message":{"message_id":26,"from":{"id":8550305380,"is_bot":false,"first_name":"apollo::rio","language_code":"pt-br"},"chat":{"id":8550305380,"first_name":"apollo::rio","type":"private"},"date":1783925239,"text":"\/start d75fad09-c3fb-4555-ac16-498b597b62d6","entities":[{"offset":0,"length":6,"type":"bot_command"}]}}]}
{"ok":true,"result":[{"update_id":868704698,"message":{"message_id":28,"from":{"id":8550305380,"is_bot":false,"first_name":"apollo::rio","language_code":"pt-br"},"chat":{"id":8550305380,"first_name":"apollo::rio","type":"private"},"date":1783925243,"reply_to_message":{"message_id":27,"from":{"id":8807774665,"is_bot":true,"first_name":"apollo.rio.br","username":"apolloRio_bot"},"chat":{"id":8550305380,"first_name":"apollo::rio","type":"private"},"date":1783925240,"text":"\ud83d\udc4b Ol\u00e1! Bem-vindo ao Apollo Rio.\n\nSolicita\u00e7\u00e3o de verifica\u00e7\u00e3o reconhecida.\n\nPara confirmar seu telefone de forma segura, use o bot\u00e3o abaixo e compartilhe seu contato real.","entities":[{"offset":3,"length":29,"type":"bold"}]},"contact":{"phone_number":"5521933008447","first_name":"apollo::rio","user_id":8550305380}}},{"update_id":868704699,"message":{"message_id":29,"from":{"id":8550305380,"is_bot":false,"first_name":"apollo::rio","language_code":"pt-br"},"chat":{"id":8550305380,"first_name":"apollo::rio","type":"private"},"date":1783925338,"reply_to_message":{"message_id":27,"from":{"id":8807774665,"is_bot":true,"first_name":"apollo.rio.br","username":"apolloRio_bot"},"chat":{"id":8550305380,"first_name":"apollo::rio","type":"private"},"date":1783925240,"text":"\ud83d\udc4b Ol\u00e1! Bem-vindo ao Apollo Rio.\n\nSolicita\u00e7\u00e3o de verifica\u00e7\u00e3o reconhecida.\n\nPara confirmar seu telefone de forma segura, use o bot\u00e3o abaixo e compartilhe seu contato real.","entities":[{"offset":3,"length":29,"type":"bold"}]},"contact":{"phone_number":"5521933008447","first_name":"apollo::rio","user_id":8550305380}}}]}
{"ok":true,"result":[]}
{"ok":true,"result":[]}
{"ok":true,"result":[]}
{"ok":true,"result":[]}
{"ok":true,"result":[]}
{"ok":true,"result":[]}
{"ok":true,"result":[]}
{"ok":true,"result":[]}
{"ok":true,"result":[]}
{"ok":true,"result":[]}
{"ok":true,"result":[]}
{"ok":true,"result":[]}
{"ok":true,"result":[]}
{"ok":true,"result":[]}
{"ok":true,"result":[]}
{"ok":true,"result":[]}
{"ok":true,"result":[]}
{"ok":true,"result":[]}
{"ok":true,"result":[]}
{"ok":true,"result":[]}
{"ok":true,"result":[]}
{"ok":true,"result":[]}
{"ok":true,"result":[]}
{"ok":true,"result":[]}
{"ok":true,"result":[]}
{"ok":true,"result":[]}
{"ok":true,"result":[]}
{"ok":true,"result":[]}
{"ok":true,"result":[]}
{"ok":true,"result":[]}
{"ok":true,"result":[]}
{"ok":true,"result":[]}
{"ok":true,"result":[]}
{"ok":true,"result":[]}
{"ok":true,"result":[]}
{"ok":true,"result":[]}
{"ok":true,"result":[]}
{"ok":true,"result":[]}
{"ok":true,"result":[]}
{"ok":true,"result":[]}
{"ok":true,"result":[]}
{"ok":true,"result":[]}
{"ok":true,"result":[]}
{"ok":true,"result":[]}
{"ok":true,"result":[]}
{"ok":true,"result":[]}
{"ok":true,"result":[]}
{"ok":true,"result":[]}
{"ok":true,"result":[]}
{"ok":true,"result":[]}
{"ok":true,"result":[]}
{"ok":true,"result":[]}
{"ok":true,"result":[]}
{"ok":true,"result":[]}
{"ok":true,"result":[]}
{"ok":true,"result":[]}
{"ok":true,"result":[]}
{"ok":true,"result":[]}
{"ok":true,"result":[]}
{"ok":true,"result":[]}
{"ok":true,"result":[]}
{"ok":true,"result":[]}
{"ok":true,"result":[]}
{"ok":true,"result":[]}
{"ok":true,"result":[]}
{"ok":true,"result":[]}
{"ok":true,"result":[]}
{"ok":true,"result":[]}
{"ok":true,"result":[]}
{"ok":true,"result":[]}
{"ok":true,"result":[]}
{"ok":true,"result":[]}
{"ok":true,"result":[]}
{"ok":true,"result":[]}
{"ok":true,"result":[]}
{"ok":true,"result":[]}
{"ok":true,"result":[]}
{"ok":true,"result":[]}
{"ok":true,"result":[]}
{"ok":true,"result":[]}
{"ok":true,"result":[]}
{"ok":true,"result":[]}
{"ok":true,"result":[]}
{"ok":true,"result":[]}
{"ok":true,"result":[]}
{"ok":true,"result":[]}
{"ok":true,"result":[]}
{"ok":true,"result":[]}
{"ok":true,"result":[]}
{"ok":true,"result":[]}
{"ok":true,"result":[]}
{"ok":true,"result":[]}
{"ok":true,"result":[]}
{"ok":true,"result":[]}
{"ok":true,"result":[]}
{"ok":true,"result":[]}
{"ok":true,"result":[]}
{"ok":true,"result":[]}
{"ok":true,"result":[]}
{"ok":true,"result":[]}
{"ok":true,"result":[]}
{"ok":true,"result":[]}
{"ok":true,"result":[]}
{"ok":true,"result":[]}
{"ok":true,"result":[]}
{"ok":true,"result":[]}
{"ok":true,"result":[]}
{"ok":true,"result":[]}
{"ok":true,"result":[]}
{"ok":true,"result":[]}
{"ok":true,"result":[]}
{"ok":true,"result":[]}
{"ok":true,"result":[]}
{"ok":true,"result":[]}
{"ok":true,"result":[]}
{"ok":true,"result":[]}
{"ok":true,"result":[]}
{"ok":true,"result":[]}
{"ok":true,"result":[]}
{"ok":true,"result":[]}
{"ok":true,"result":[]}
{"ok":true,"result":[]}
{"ok":true,"result":[]}
{"ok":true,"result":[]}
{"ok":true,"result":[]}
{"ok":true,"result":[]}
{"ok":true,"result":[]}
{"ok":true,"result":[]}
{"ok":true,"result":[]}
{"ok":true,"result":[]}
{"ok":true,"result":[]}
{"ok":true,"result":[]}
{"ok":true,"result":[]}
{"ok":true,"result":[]}
<<<<<<< Updated upstream
=======
{"ok":true,"result":[]}
{"ok":true,"result":[{"update_id":868704700,"message":{"message_id":37,"from":{"id":5245669371,"is_bot":false,"first_name":"Junior","last_name":"Trevisan","username":"juniortrevisan","language_code":"pt-br"},"chat":{"id":5245669371,"first_name":"Junior","last_name":"Trevisan","username":"juniortrevisan","type":"private"},"date":1788451749,"text":"\/start d87085fc-cec1-434d-8216-54dc682f12e8","entities":[{"offset":0,"length":6,"type":"bot_command"}]}}]}
{"ok":true,"result":[]}
{"ok":true,"result":[]}
{"ok":true,"result":[]}
{"ok":true,"result":[]}
{"ok":true,"result":[]}
{"ok":true,"result":[]}
{"ok":true,"result":[]}
{"ok":true,"result":[]}
{"ok":true,"result":[]}
{"ok":true,"result":[]}
{"ok":true,"result":[]}
{"ok":true,"result":[]}
{"ok":true,"result":[]}
{"ok":true,"result":[{"update_id":868704701,"message":{"message_id":40,"from":{"id":7835906336,"is_bot":false,"first_name":"Aaron","username":"aaron_tg","language_code":"en"},"chat":{"id":7835906336,"first_name":"Aaron","username":"aaron_tg","type":"private"},"date":1789682871,"text":"\/start e2cb73e4-dc1c-45ca-aaea-ed137869a961","entities":[{"offset":0,"length":6,"type":"bot_command"}]}}]}
{"ok":true,"result":[]}
{"ok":true,"result":[]}
{"ok":true,"result":[]}
{"ok":true,"result":[]}
{"ok":true,"result":[{"update_id":868704702,"message":{"message_id":42,"from":{"id":7835906336,"is_bot":false,"first_name":"Aaron","username":"aaron_tg","language_code":"en"},"chat":{"id":7835906336,"first_name":"Aaron","username":"aaron_tg","type":"private"},"date":1789682900,"text":"\/start 2607ecac-763f-41cd-adc4-e0e4618be1fc","entities":[{"offset":0,"length":6,"type":"bot_command"}]}}]}
{"ok":true,"result":[]}
{"ok":true,"result":[]}
{"ok":true,"result":[]}
{"ok":true,"result":[]}
{"ok":true,"result":[{"update_id":868704703,"message":{"message_id":44,"from":{"id":7835906336,"is_bot":false,"first_name":"Aaron","username":"aaron_tg","language_code":"en"},"chat":{"id":7835906336,"first_name":"Aaron","username":"aaron_tg","type":"private"},"date":1789683206,"text":"\/start 6a45c60a-c7b1-4571-8098-18fc5687317f","entities":[{"offset":0,"length":6,"type":"bot_command"}]}}]}
{"ok":true,"result":[]}
{"ok":true,"result":[]}
{"ok":true,"result":[]}
{"ok":true,"result":[]}
>>>>>>> Stashed changes
